2026-04-18T08:26:49.170854 | 【轴心·起爆】B级
标的：PUMPUSDT
防守位：0.001985
进攻位：0.002056
最后防线：0.001969
风险标签：
路况标签：
时间：2026-04-18 08:26:49
2026-04-18T08:26:50.372566 | 【轴心·起爆】B级
标的：THETAUSDT
防守位：0.207871
进攻位：0.221034
最后防线：0.199014
风险标签：
路况标签：趋势
时间：2026-04-18 08:26:50
2026-04-18T08:26:53.498354 | 【轴心·起爆】B级
标的：TOWNSUSDT
防守位：0.003407
进攻位：0.00361
最后防线：0.003338
风险标签：
路况标签：趋势
时间：2026-04-18 08:26:53
2026-04-18T08:26:57.544135 | 【轴心·起爆】B级
标的：SENTUSDT
防守位：0.016591
进攻位：0.017391
最后防线：0.016454
风险标签：
路况标签：趋势
时间：2026-04-18 08:26:57
2026-04-18T08:27:00.330826 | 【轴心·起爆】B级
标的：STGUSDT
防守位：0.232586
进攻位：0.243678
最后防线：0.230357
风险标签：
路况标签：趋势
时间：2026-04-18 08:27:00
2026-04-18T08:27:00.895140 | 【轴心·起爆】B级
标的：SHELLUSDT
防守位：0.033255
进攻位：0.034955
最后防线：0.032604
风险标签：
路况标签：
时间：2026-04-18 08:27:00
2026-04-18T08:27:02.241868 | 【轴心·起爆】B级
标的：VELVETUSDT
防守位：0.075719
进攻位：0.079805
最后防线：0.074416
风险标签：
路况标签：
时间：2026-04-18 08:27:02
2026-04-18T08:27:03.463090 | 【轴心·起爆】B级
标的：YGGUSDT
防守位：0.041485
进攻位：0.043044
最后防线：0.040836
风险标签：
路况标签：趋势
时间：2026-04-18 08:27:03
2026-04-18T08:27:04.174345 | 【轴心·起爆】B级
标的：ACEUSDT
防守位：0.126536
进攻位：0.140352
最后防线：0.116207
风险标签：
路况标签：趋势
时间：2026-04-18 08:27:04
